
> coinpawa@0.1.0 build
> next build

  Ôû▓ Next.js 14.2.35

   Creating an optimized production build ...
 Ô£ô Compiled successfully
   Skipping linting
   Checking validity of types ...
npm : Failed to 
compile.
Au caractère Ligne:1 : 
1
+ npm run build 2>&1 | 
tee build_output.txt
+ ~~~~~~~~~~~~~~~~~~
    + CategoryInfo     
         : NotSpecifi  
  ed: (Failed to com   
 pile.:String) [],     
RemoteException
    + FullyQualifiedEr 
   rorId : NativeComm  
  andError
 

./src/lib/notifications
.ts:3:10
Type error: Module 
'"@prisma/client"' has 
no exported member 
'NotificationType'.

[0m [90m 1 |[39m 
[90m// lib/notificatio
ns.ts[39m[0m
[0m [90m 2 |[39m 
[36mimport[39m { 
prisma } 
[36mfrom[39m [32m'@/
lib/prisma'[39m[0m
[0m[31m[1m>[22m[39
m[90m 3 |[39m 
[36mimport[39m { [33
mNotificationType[39m 
} [36mfrom[39m [32m'
@prisma/client'[39m[0
m
[0m [90m   |[39m    
      [31m[1m^[22m[
39m[0m
[0m [90m 4 |[39m[0m
[0m [90m 5 |[39m 
[36minterface[39m [3
3mCreateNotificationPar
ams[39m {[0m
[0m [90m 6 |[39m   
userId[33m:[39m 
string[0m
Next.js build worker 
exited with code: 1 
and signal: null
